LEFT_PAREN ( null
LEFT_PAREN ( null
RIGHT_PAREN ) null
RIGHT_PAREN ) null
LEFT_BRACE { null
RIGHT_BRACE } null
BANG ! null
STAR * null
PLUS + null
MINUS - null
SLASH / null
EQUAL = null
LESS < null
GREATER > null
LESS_EQUAL <= null
EQUAL_EQUAL == null
EOF  null
